Component: ARM Compiler 5.06 update 5 (build 528) Tool: armlink [4d35e2]

==============================================================================

Section Cross References

    main.o(i.crypto_hash) refers to keccaksponge.o(i.InitSponge) for InitSponge
    main.o(i.crypto_hash) refers to keccaksponge.o(i.Absorb) for Absorb
    main.o(i.crypto_hash) refers to keccaksponge.o(i.Squeeze) for Squeeze
    main.o(i.main) refers to main.o(i.crypto_hash) for crypto_hash
    main.o(i.main) refers to nrf_delay.o(i.nrf_delay_ms) for nrf_delay_ms
    keccakf-1600-opt32.o(i.KeccakAbsorb) refers to keccakf-1600-opt32.o(i.KeccakPermutationOnWordsAfterXoring) for KeccakPermutationOnWordsAfterXoring
    keccakf-1600-opt32.o(i.KeccakAbsorb1024bits) refers to keccakf-1600-opt32.o(i.KeccakPermutationOnWordsAfterXoring1024bits) for KeccakPermutationOnWordsAfterXoring1024bits
    keccakf-1600-opt32.o(i.KeccakAbsorb1088bits) refers to keccakf-1600-opt32.o(i.KeccakPermutationOnWordsAfterXoring1088bits) for KeccakPermutationOnWordsAfterXoring1088bits
    keccakf-1600-opt32.o(i.KeccakAbsorb1152bits) refers to keccakf-1600-opt32.o(i.KeccakPermutationOnWordsAfterXoring1152bits) for KeccakPermutationOnWordsAfterXoring1152bits
    keccakf-1600-opt32.o(i.KeccakAbsorb1344bits) refers to keccakf-1600-opt32.o(i.KeccakPermutationOnWordsAfterXoring1344bits) for KeccakPermutationOnWordsAfterXoring1344bits
    keccakf-1600-opt32.o(i.KeccakAbsorb576bits) refers to keccakf-1600-opt32.o(i.KeccakPermutationOnWordsAfterXoring576bits) for KeccakPermutationOnWordsAfterXoring576bits
    keccakf-1600-opt32.o(i.KeccakAbsorb832bits) refers to keccakf-1600-opt32.o(i.KeccakPermutationOnWordsAfterXoring832bits) for KeccakPermutationOnWordsAfterXoring832bits
    keccakf-1600-opt32.o(i.KeccakExtract) refers to keccakf-1600-opt32.o(i.setInterleavedWordsInto8bytes) for setInterleavedWordsInto8bytes
    keccakf-1600-opt32.o(i.KeccakExtract1024bits) refers to keccakf-1600-opt32.o(i.setInterleavedWordsInto8bytes) for setInterleavedWordsInto8bytes
    keccakf-1600-opt32.o(i.KeccakInitializeState) refers to memseta.o(.text) for __aeabi_memclr
    keccakf-1600-opt32.o(i.KeccakPermutation) refers to keccakf-1600-opt32.o(i.KeccakPermutationOnWords) for KeccakPermutationOnWords
    keccakf-1600-opt32.o(i.KeccakPermutationOnWords) refers to keccakf-1600-opt32.o(.constdata) for .constdata
    keccakf-1600-opt32.o(i.KeccakPermutationOnWordsAfterXoring) refers to keccakf-1600-opt32.o(.constdata) for .constdata
    keccakf-1600-opt32.o(i.KeccakPermutationOnWordsAfterXoring1024bits) refers to keccakf-1600-opt32.o(.constdata) for .constdata
    keccakf-1600-opt32.o(i.KeccakPermutationOnWordsAfterXoring1088bits) refers to keccakf-1600-opt32.o(.constdata) for .constdata
    keccakf-1600-opt32.o(i.KeccakPermutationOnWordsAfterXoring1152bits) refers to keccakf-1600-opt32.o(.constdata) for .constdata
    keccakf-1600-opt32.o(i.KeccakPermutationOnWordsAfterXoring1344bits) refers to keccakf-1600-opt32.o(.constdata) for .constdata
    keccakf-1600-opt32.o(i.KeccakPermutationOnWordsAfterXoring576bits) refers to keccakf-1600-opt32.o(.constdata) for .constdata
    keccakf-1600-opt32.o(i.KeccakPermutationOnWordsAfterXoring832bits) refers to keccakf-1600-opt32.o(.constdata) for .constdata
    keccakf-1600-opt32.o(i.setInterleavedWordsInto8bytes) refers to keccakf-1600-opt32.o(i.fromInterleaving) for fromInterleaving
    keccaksponge.o(i.Absorb) refers to uldiv.o(.text) for __aeabi_uldivmod
    keccaksponge.o(i.Absorb) refers to keccakf-1600-opt32.o(i.KeccakAbsorb576bits) for KeccakAbsorb576bits
    keccaksponge.o(i.Absorb) refers to keccakf-1600-opt32.o(i.KeccakAbsorb832bits) for KeccakAbsorb832bits
    keccaksponge.o(i.Absorb) refers to keccakf-1600-opt32.o(i.KeccakAbsorb1024bits) for KeccakAbsorb1024bits
    keccaksponge.o(i.Absorb) refers to keccakf-1600-opt32.o(i.KeccakAbsorb1088bits) for KeccakAbsorb1088bits
    keccaksponge.o(i.Absorb) refers to keccakf-1600-opt32.o(i.KeccakAbsorb1152bits) for KeccakAbsorb1152bits
    keccaksponge.o(i.Absorb) refers to keccakf-1600-opt32.o(i.KeccakAbsorb1344bits) for KeccakAbsorb1344bits
    keccaksponge.o(i.Absorb) refers to keccakf-1600-opt32.o(i.KeccakAbsorb) for KeccakAbsorb
    keccaksponge.o(i.Absorb) refers to llmul.o(.text) for __aeabi_lmul
    keccaksponge.o(i.Absorb) refers to memcpya.o(.text) for __aeabi_memcpy
    keccaksponge.o(i.Absorb) refers to keccaksponge.o(i.AbsorbQueue) for AbsorbQueue
    keccaksponge.o(i.AbsorbQueue) refers to keccakf-1600-opt32.o(i.KeccakAbsorb576bits) for KeccakAbsorb576bits
    keccaksponge.o(i.AbsorbQueue) refers to keccakf-1600-opt32.o(i.KeccakAbsorb832bits) for KeccakAbsorb832bits
    keccaksponge.o(i.AbsorbQueue) refers to keccakf-1600-opt32.o(i.KeccakAbsorb1024bits) for KeccakAbsorb1024bits
    keccaksponge.o(i.AbsorbQueue) refers to keccakf-1600-opt32.o(i.KeccakAbsorb1088bits) for KeccakAbsorb1088bits
    keccaksponge.o(i.AbsorbQueue) refers to keccakf-1600-opt32.o(i.KeccakAbsorb1152bits) for KeccakAbsorb1152bits
    keccaksponge.o(i.AbsorbQueue) refers to keccakf-1600-opt32.o(i.KeccakAbsorb1344bits) for KeccakAbsorb1344bits
    keccaksponge.o(i.AbsorbQueue) refers to keccakf-1600-opt32.o(i.KeccakAbsorb) for KeccakAbsorb
    keccaksponge.o(i.InitSponge) refers to keccakf-1600-opt32.o(i.KeccakInitialize) for KeccakInitialize
    keccaksponge.o(i.InitSponge) refers to keccakf-1600-opt32.o(i.KeccakInitializeState) for KeccakInitializeState
    keccaksponge.o(i.InitSponge) refers to memseta.o(.text) for __aeabi_memclr4
    keccaksponge.o(i.PadAndSwitchToSqueezingPhase) refers to keccaksponge.o(i.AbsorbQueue) for AbsorbQueue
    keccaksponge.o(i.PadAndSwitchToSqueezingPhase) refers to memseta.o(.text) for __aeabi_memclr4
    keccaksponge.o(i.PadAndSwitchToSqueezingPhase) refers to keccakf-1600-opt32.o(i.KeccakExtract1024bits) for KeccakExtract1024bits
    keccaksponge.o(i.PadAndSwitchToSqueezingPhase) refers to keccakf-1600-opt32.o(i.KeccakExtract) for KeccakExtract
    keccaksponge.o(i.Squeeze) refers to keccaksponge.o(i.PadAndSwitchToSqueezingPhase) for PadAndSwitchToSqueezingPhase
    keccaksponge.o(i.Squeeze) refers to keccakf-1600-opt32.o(i.KeccakPermutation) for KeccakPermutation
    keccaksponge.o(i.Squeeze) refers to keccakf-1600-opt32.o(i.KeccakExtract1024bits) for KeccakExtract1024bits
    keccaksponge.o(i.Squeeze) refers to keccakf-1600-opt32.o(i.KeccakExtract) for KeccakExtract
    keccaksponge.o(i.Squeeze) refers to memcpya.o(.text) for __aeabi_memcpy
    arm_startup_nrf51.o(RESET) refers to arm_startup_nrf51.o(STACK) for __initial_sp
    arm_startup_nrf51.o(RESET) refers to arm_startup_nrf51.o(.text) for Reset_Handler
    arm_startup_nrf51.o(.text) refers to system_nrf51.o(i.SystemInit) for SystemInit
    arm_startup_nrf51.o(.text) refers to entry.o(.ARM.Collect$$$$00000000) for __main
    system_nrf51.o(i.SystemCoreClockUpdate) refers to system_nrf51.o(.data) for .data
    system_nrf51.o(i.SystemInit) refers to system_nrf51.o(i.is_manual_peripheral_setup_needed) for is_manual_peripheral_setup_needed
    nrf_delay.o(i.nrf_delay_ms) refers to nrf_delay.o(.emb_text) for __asm___11_nrf_delay_c_532987f3__nrf_delay_us
    entry.o(.ARM.Collect$$$$00000000) refers (Special) to entry10a.o(.ARM.Collect$$$$0000000D) for __rt_final_cpp
    entry.o(.ARM.Collect$$$$00000000) refers (Special) to entry11a.o(.ARM.Collect$$$$0000000F) for __rt_final_exit
    entry.o(.ARM.Collect$$$$00000000) refers (Special) to entry7b.o(.ARM.Collect$$$$00000008) for _main_clock
    entry.o(.ARM.Collect$$$$00000000) refers (Special) to entry8b.o(.ARM.Collect$$$$0000000A) for _main_cpp_init
    entry.o(.ARM.Collect$$$$00000000) refers (Special) to entry9a.o(.ARM.Collect$$$$0000000B) for _main_init
    entry.o(.ARM.Collect$$$$00000000) refers (Special) to entry5.o(.ARM.Collect$$$$00000004) for _main_scatterload
    entry.o(.ARM.Collect$$$$00000000) refers (Special) to entry2.o(.ARM.Collect$$$$00000001) for _main_stk
    uldiv.o(.text) refers to llushr.o(.text) for __aeabi_llsr
    uldiv.o(.text) refers to llshl.o(.text) for __aeabi_llsl
    llmul.o(.text) refers to llshl.o(.text) for __aeabi_llsl
    entry2.o(.ARM.Collect$$$$00000001) refers to entry2.o(.ARM.Collect$$$$00002712) for __lit__00000000
    entry2.o(.ARM.Collect$$$$00002712) refers to arm_startup_nrf51.o(STACK) for __initial_sp
    entry2.o(__vectab_stack_and_reset_area) refers to arm_startup_nrf51.o(STACK) for __initial_sp
    entry2.o(__vectab_stack_and_reset_area) refers to entry.o(.ARM.Collect$$$$00000000) for __main
    entry5.o(.ARM.Collect$$$$00000004) refers to init.o(.text) for __scatterload
    entry9a.o(.ARM.Collect$$$$0000000B) refers to main.o(i.main) for main
    entry9b.o(.ARM.Collect$$$$0000000C) refers to main.o(i.main) for main
    init.o(.text) refers to entry5.o(.ARM.Collect$$$$00000004) for __main_after_scatterload


==============================================================================

Removing Unused input sections from the image.

    Removing main.o(.rev16_text), (4 bytes).
    Removing main.o(.revsh_text), (4 bytes).
    Removing main.o(.emb_text), (30 bytes).
    Removing main.o(.constdata), (5 bytes).
    Removing arm_startup_nrf51.o(HEAP), (4096 bytes).
    Removing system_nrf51.o(.rev16_text), (4 bytes).
    Removing system_nrf51.o(.revsh_text), (4 bytes).
    Removing system_nrf51.o(i.SystemCoreClockUpdate), (16 bytes).
    Removing nrf_delay.o(.rev16_text), (4 bytes).
    Removing nrf_delay.o(.revsh_text), (4 bytes).

10 unused section(s) (total 4171 bytes) removed from the image.

==============================================================================

Image Symbol Table

    Local Symbols

    Symbol Name                              Value     Ov Type        Size  Object(Section)

    RESET                                    0x00000000   Section      192  arm_startup_nrf51.o(RESET)
    ../clib/microlib/division.c              0x00000000   Number         0  uldiv.o ABSOLUTE
    ../clib/microlib/init/entry.s            0x00000000   Number         0  entry9b.o ABSOLUTE
    ../clib/microlib/init/entry.s            0x00000000   Number         0  entry8b.o ABSOLUTE
    ../clib/microlib/init/entry.s            0x00000000   Number         0  entry.o ABSOLUTE
    ../clib/microlib/init/entry.s            0x00000000   Number         0  entry11b.o ABSOLUTE
    ../clib/microlib/init/entry.s            0x00000000   Number         0  entry11a.o ABSOLUTE
    ../clib/microlib/init/entry.s            0x00000000   Number         0  entry10b.o ABSOLUTE
    ../clib/microlib/init/entry.s            0x00000000   Number         0  entry9a.o ABSOLUTE
    ../clib/microlib/init/entry.s            0x00000000   Number         0  entry10a.o ABSOLUTE
    ../clib/microlib/init/entry.s            0x00000000   Number         0  entry8a.o ABSOLUTE
    ../clib/microlib/init/entry.s            0x00000000   Number         0  entry7b.o ABSOLUTE
    ../clib/microlib/init/entry.s            0x00000000   Number         0  entry7a.o ABSOLUTE
    ../clib/microlib/init/entry.s            0x00000000   Number         0  entry5.o ABSOLUTE
    ../clib/microlib/init/entry.s            0x00000000   Number         0  entry2.o ABSOLUTE
    ../clib/microlib/longlong.c              0x00000000   Number         0  llushr.o ABSOLUTE
    ../clib/microlib/longlong.c              0x00000000   Number         0  llshl.o ABSOLUTE
    ../clib/microlib/longlong.c              0x00000000   Number         0  llmul.o ABSOLUTE
    ../clib/microlib/string/memcpy.c         0x00000000   Number         0  memcpyb.o ABSOLUTE
    ../clib/microlib/string/memcpy.c         0x00000000   Number         0  memcpya.o ABSOLUTE
    ../clib/microlib/string/memset.c         0x00000000   Number         0  memseta.o ABSOLUTE
    C:\Keil_v5\ARM\PACK\NordicSemiconductor\nRF_Drivers\4.0.0-2.alpha\delay\nrf_delay.c 0x00000000   Number         0  nrf_delay.o ABSOLUTE
    C:\\Keil_v5\\ARM\\PACK\\NordicSemiconductor\\nRF_Drivers\\4.0.0-2.alpha\\delay\\nrf_delay.c 0x00000000   Number         0  nrf_delay.o ABSOLUTE
    RTE\Device\nRF51422_xxAC\arm_startup_nrf51.s 0x00000000   Number         0  arm_startup_nrf51.o ABSOLUTE
    RTE\Device\nRF51422_xxAC\system_nrf51.c  0x00000000   Number         0  system_nrf51.o ABSOLUTE
    RTE\\Device\\nRF51422_xxAC\\system_nrf51.c 0x00000000   Number         0  system_nrf51.o ABSOLUTE
    RTE\_nrf51422_xxac\KeccakF-1600-opt32.c  0x00000000   Number         0  keccakf-1600-opt32.o ABSOLUTE
    RTE\_nrf51422_xxac\KeccakSponge.c        0x00000000   Number         0  keccaksponge.o ABSOLUTE
    dc.s                                     0x00000000   Number         0  dc.o ABSOLUTE
    handlers.s                               0x00000000   Number         0  handlers.o ABSOLUTE
    init.s                                   0x00000000   Number         0  init.o ABSOLUTE
    main.c                                   0x00000000   Number         0  main.o ABSOLUTE
    main.c                                   0x00000000   Number         0  main.o ABSOLUTE
    .ARM.Collect$$$$00000000                 0x000000c0   Section        0  entry.o(.ARM.Collect$$$$00000000)
    .ARM.Collect$$$$00000001                 0x000000c0   Section        4  entry2.o(.ARM.Collect$$$$00000001)
    .ARM.Collect$$$$00000004                 0x000000c4   Section        4  entry5.o(.ARM.Collect$$$$00000004)
    .ARM.Collect$$$$00000008                 0x000000c8   Section        0  entry7b.o(.ARM.Collect$$$$00000008)
    .ARM.Collect$$$$0000000A                 0x000000c8   Section        0  entry8b.o(.ARM.Collect$$$$0000000A)
    .ARM.Collect$$$$0000000B                 0x000000c8   Section        8  entry9a.o(.ARM.Collect$$$$0000000B)
    .ARM.Collect$$$$0000000D                 0x000000d0   Section        0  entry10a.o(.ARM.Collect$$$$0000000D)
    .ARM.Collect$$$$0000000F                 0x000000d0   Section        0  entry11a.o(.ARM.Collect$$$$0000000F)
    .ARM.Collect$$$$00002712                 0x000000d0   Section        4  entry2.o(.ARM.Collect$$$$00002712)
    __lit__00000000                          0x000000d0   Data           4  entry2.o(.ARM.Collect$$$$00002712)
    .emb_text                                0x000000d4   Section       30  nrf_delay.o(.emb_text)
    .text                                    0x000000f4   Section       56  arm_startup_nrf51.o(.text)
    .text                                    0x0000012c   Section        0  uldiv.o(.text)
    .text                                    0x0000018c   Section        0  llmul.o(.text)
    .text                                    0x00000206   Section        0  memcpya.o(.text)
    .text                                    0x0000022a   Section        0  memseta.o(.text)
    .text                                    0x0000024e   Section        0  llshl.o(.text)
    .text                                    0x0000026e   Section        0  llushr.o(.text)
    .text                                    0x00000290   Section       36  init.o(.text)
    i.Absorb                                 0x000002b4   Section        0  keccaksponge.o(i.Absorb)
    i.AbsorbQueue                            0x00000546   Section        0  keccaksponge.o(i.AbsorbQueue)
    i.InitSponge                             0x000005b4   Section        0  keccaksponge.o(i.InitSponge)
    i.KeccakAbsorb                           0x00000602   Section        0  keccakf-1600-opt32.o(i.KeccakAbsorb)
    i.KeccakAbsorb1024bits                   0x0000060a   Section        0  keccakf-1600-opt32.o(i.KeccakAbsorb1024bits)
    i.KeccakAbsorb1088bits                   0x00000612   Section        0  keccakf-1600-opt32.o(i.KeccakAbsorb1088bits)
    i.KeccakAbsorb1152bits                   0x0000061a   Section        0  keccakf-1600-opt32.o(i.KeccakAbsorb1152bits)
    i.KeccakAbsorb1344bits                   0x00000622   Section        0  keccakf-1600-opt32.o(i.KeccakAbsorb1344bits)
    i.KeccakAbsorb576bits                    0x0000062a   Section        0  keccakf-1600-opt32.o(i.KeccakAbsorb576bits)
    i.KeccakAbsorb832bits                    0x00000632   Section        0  keccakf-1600-opt32.o(i.KeccakAbsorb832bits)
    i.KeccakExtract                          0x0000063a   Section        0  keccakf-1600-opt32.o(i.KeccakExtract)
    i.KeccakExtract1024bits                  0x00000658   Section        0  keccakf-1600-opt32.o(i.KeccakExtract1024bits)
    i.KeccakInitialize                       0x00000672   Section        0  keccakf-1600-opt32.o(i.KeccakInitialize)
    i.KeccakInitializeState                  0x00000674   Section        0  keccakf-1600-opt32.o(i.KeccakInitializeState)
    i.KeccakPermutation                      0x0000067e   Section        0  keccakf-1600-opt32.o(i.KeccakPermutation)
    i.KeccakPermutationOnWords               0x00000688   Section        0  keccakf-1600-opt32.o(i.KeccakPermutationOnWords)
    i.KeccakPermutationOnWordsAfterXoring    0x000012f8   Section        0  keccakf-1600-opt32.o(i.KeccakPermutationOnWordsAfterXoring)
    i.KeccakPermutationOnWordsAfterXoring1024bits 0x00002014   Section        0  keccakf-1600-opt32.o(i.KeccakPermutationOnWordsAfterXoring1024bits)
    i.KeccakPermutationOnWordsAfterXoring1088bits 0x00002d3c   Section        0  keccakf-1600-opt32.o(i.KeccakPermutationOnWordsAfterXoring1088bits)
    i.KeccakPermutationOnWordsAfterXoring1152bits 0x00003a64   Section        0  keccakf-1600-opt32.o(i.KeccakPermutationOnWordsAfterXoring1152bits)
    i.KeccakPermutationOnWordsAfterXoring1344bits 0x0000478c   Section        0  keccakf-1600-opt32.o(i.KeccakPermutationOnWordsAfterXoring1344bits)
    i.KeccakPermutationOnWordsAfterXoring576bits 0x000054b4   Section        0  keccakf-1600-opt32.o(i.KeccakPermutationOnWordsAfterXoring576bits)
    i.KeccakPermutationOnWordsAfterXoring832bits 0x000061dc   Section        0  keccakf-1600-opt32.o(i.KeccakPermutationOnWordsAfterXoring832bits)
    i.PadAndSwitchToSqueezingPhase           0x00006f02   Section        0  keccaksponge.o(i.PadAndSwitchToSqueezingPhase)
    i.Squeeze                                0x00006fb0   Section        0  keccaksponge.o(i.Squeeze)
    i.SystemInit                             0x00007060   Section        0  system_nrf51.o(i.SystemInit)
    i.__scatterload_copy                     0x000070b4   Section       14  handlers.o(i.__scatterload_copy)
    i.__scatterload_null                     0x000070c2   Section        2  handlers.o(i.__scatterload_null)
    i.__scatterload_zeroinit                 0x000070c4   Section       14  handlers.o(i.__scatterload_zeroinit)
    i.crypto_hash                            0x000070d2   Section        0  main.o(i.crypto_hash)
    i.fromInterleaving                       0x00007110   Section        0  keccakf-1600-opt32.o(i.fromInterleaving)
    i.is_manual_peripheral_setup_needed      0x000071bc   Section        0  system_nrf51.o(i.is_manual_peripheral_setup_needed)
    is_manual_peripheral_setup_needed        0x000071bd   Thumb Code    66  system_nrf51.o(i.is_manual_peripheral_setup_needed)
    i.main                                   0x00007204   Section        0  main.o(i.main)
    i.nrf_delay_ms                           0x00007274   Section        0  nrf_delay.o(i.nrf_delay_ms)
    i.setInterleavedWordsInto8bytes          0x00007290   Section        0  keccakf-1600-opt32.o(i.setInterleavedWordsInto8bytes)
    .constdata                               0x000072a0   Section      192  keccakf-1600-opt32.o(.constdata)
    KeccakF1600RoundConstants_int2           0x000072a0   Data         192  keccakf-1600-opt32.o(.constdata)
    .data                                    0x20000000   Section        4  system_nrf51.o(.data)
    __tagsym$$used                           0x20000000   Number         0  system_nrf51.o(.data)
    STACK                                    0x20000008   Section     4096  arm_startup_nrf51.o(STACK)

    Global Symbols

    Symbol Name                              Value     Ov Type        Size  Object(Section)

    BuildAttributes$$THM_ISAv3M$S$PE$A:L22$X:L11$S22$IEEE1$IW$USESV6$~STKCKD$USESV7$~SHL$OSPACE$EBA8$MICROLIB$REQ8$PRES8$EABIv2 0x00000000   Number         0  anon$$obj.o ABSOLUTE
    __ARM_use_no_argv                        0x00000000   Number         0  main.o ABSOLUTE
    __Vectors                                0x00000000   Data           4  arm_startup_nrf51.o(RESET)
    __cpp_initialize__aeabi_                  - Undefined Weak Reference
    __cxa_finalize                            - Undefined Weak Reference
    __decompress                              - Undefined Weak Reference
    _clock_init                               - Undefined Weak Reference
    _microlib_exit                            - Undefined Weak Reference
    __Vectors_End                            0x000000c0   Data           0  arm_startup_nrf51.o(RESET)
    __Vectors_Size                           0x000000c0   Number         0  arm_startup_nrf51.o ABSOLUTE
    __main                                   0x000000c1   Thumb Code     0  entry.o(.ARM.Collect$$$$00000000)
    _main_stk                                0x000000c1   Thumb Code     0  entry2.o(.ARM.Collect$$$$00000001)
    _main_scatterload                        0x000000c5   Thumb Code     0  entry5.o(.ARM.Collect$$$$00000004)
    __main_after_scatterload                 0x000000c9   Thumb Code     0  entry5.o(.ARM.Collect$$$$00000004)
    _main_clock                              0x000000c9   Thumb Code     0  entry7b.o(.ARM.Collect$$$$00000008)
    _main_cpp_init                           0x000000c9   Thumb Code     0  entry8b.o(.ARM.Collect$$$$0000000A)
    _main_init                               0x000000c9   Thumb Code     0  entry9a.o(.ARM.Collect$$$$0000000B)
    __rt_final_cpp                           0x000000d1   Thumb Code     0  entry10a.o(.ARM.Collect$$$$0000000D)
    __rt_final_exit                          0x000000d1   Thumb Code     0  entry11a.o(.ARM.Collect$$$$0000000F)
    __asm___11_nrf_delay_c_532987f3__nrf_delay_us 0x000000d5   Thumb Code    30  nrf_delay.o(.emb_text)
    Reset_Handler                            0x000000f5   Thumb Code    26  arm_startup_nrf51.o(.text)
    NMI_Handler                              0x0000010f   Thumb Code     2  arm_startup_nrf51.o(.text)
    HardFault_Handler                        0x00000111   Thumb Code     2  arm_startup_nrf51.o(.text)
    SVC_Handler                              0x00000113   Thumb Code     2  arm_startup_nrf51.o(.text)
    PendSV_Handler                           0x00000115   Thumb Code     2  arm_startup_nrf51.o(.text)
    SysTick_Handler                          0x00000117   Thumb Code     2  arm_startup_nrf51.o(.text)
    ADC_IRQHandler                           0x00000119   Thumb Code     0  arm_startup_nrf51.o(.text)
    CCM_AAR_IRQHandler                       0x00000119   Thumb Code     0  arm_startup_nrf51.o(.text)
    ECB_IRQHandler                           0x00000119   Thumb Code     0  arm_startup_nrf51.o(.text)
    GPIOTE_IRQHandler                        0x00000119   Thumb Code     0  arm_startup_nrf51.o(.text)
    LPCOMP_IRQHandler                        0x00000119   Thumb Code     0  arm_startup_nrf51.o(.text)
    POWER_CLOCK_IRQHandler                   0x00000119   Thumb Code     0  arm_startup_nrf51.o(.text)
    QDEC_IRQHandler                          0x00000119   Thumb Code     0  arm_startup_nrf51.o(.text)
    RADIO_IRQHandler                         0x00000119   Thumb Code     0  arm_startup_nrf51.o(.text)
    RNG_IRQHandler                           0x00000119   Thumb Code     0  arm_startup_nrf51.o(.text)
    RTC0_IRQHandler                          0x00000119   Thumb Code     0  arm_startup_nrf51.o(.text)
    RTC1_IRQHandler                          0x00000119   Thumb Code     0  arm_startup_nrf51.o(.text)
    SPI0_TWI0_IRQHandler                     0x00000119   Thumb Code     0  arm_startup_nrf51.o(.text)
    SPI1_TWI1_IRQHandler                     0x00000119   Thumb Code     0  arm_startup_nrf51.o(.text)
    SWI0_IRQHandler                          0x00000119   Thumb Code     0  arm_startup_nrf51.o(.text)
    SWI1_IRQHandler                          0x00000119   Thumb Code     0  arm_startup_nrf51.o(.text)
    SWI2_IRQHandler                          0x00000119   Thumb Code     0  arm_startup_nrf51.o(.text)
    SWI3_IRQHandler                          0x00000119   Thumb Code     0  arm_startup_nrf51.o(.text)
    SWI4_IRQHandler                          0x00000119   Thumb Code     0  arm_startup_nrf51.o(.text)
    SWI5_IRQHandler                          0x00000119   Thumb Code     0  arm_startup_nrf51.o(.text)
    TEMP_IRQHandler                          0x00000119   Thumb Code     0  arm_startup_nrf51.o(.text)
    TIMER0_IRQHandler                        0x00000119   Thumb Code     0  arm_startup_nrf51.o(.text)
    TIMER1_IRQHandler                        0x00000119   Thumb Code     0  arm_startup_nrf51.o(.text)
    TIMER2_IRQHandler                        0x00000119   Thumb Code     0  arm_startup_nrf51.o(.text)
    UART0_IRQHandler                         0x00000119   Thumb Code     0  arm_startup_nrf51.o(.text)
    WDT_IRQHandler                           0x00000119   Thumb Code     0  arm_startup_nrf51.o(.text)
    __aeabi_uldivmod                         0x0000012d   Thumb Code    96  uldiv.o(.text)
    __aeabi_lmul                             0x0000018d   Thumb Code   122  llmul.o(.text)
    _ll_mul                                  0x0000018d   Thumb Code     0  llmul.o(.text)
    __aeabi_memcpy                           0x00000207   Thumb Code    36  memcpya.o(.text)
    __aeabi_memcpy4                          0x00000207   Thumb Code     0  memcpya.o(.text)
    __aeabi_memcpy8                          0x00000207   Thumb Code     0  memcpya.o(.text)
    __aeabi_memset                           0x0000022b   Thumb Code    14  memseta.o(.text)
    __aeabi_memset4                          0x0000022b   Thumb Code     0  memseta.o(.text)
    __aeabi_memset8                          0x0000022b   Thumb Code     0  memseta.o(.text)
    __aeabi_memclr                           0x00000239   Thumb Code     4  memseta.o(.text)
    __aeabi_memclr4                          0x00000239   Thumb Code     0  memseta.o(.text)
    __aeabi_memclr8                          0x00000239   Thumb Code     0  memseta.o(.text)
    _memset$wrapper                          0x0000023d   Thumb Code    18  memseta.o(.text)
    __aeabi_llsl                             0x0000024f   Thumb Code    32  llshl.o(.text)
    _ll_shift_l                              0x0000024f   Thumb Code     0  llshl.o(.text)
    __aeabi_llsr                             0x0000026f   Thumb Code    34  llushr.o(.text)
    _ll_ushift_r                             0x0000026f   Thumb Code     0  llushr.o(.text)
    __scatterload                            0x00000291   Thumb Code    28  init.o(.text)
    __scatterload_rt2                        0x00000291   Thumb Code     0  init.o(.text)
    Absorb                                   0x000002b5   Thumb Code   658  keccaksponge.o(i.Absorb)
    AbsorbQueue                              0x00000547   Thumb Code   110  keccaksponge.o(i.AbsorbQueue)
    InitSponge                               0x000005b5   Thumb Code    78  keccaksponge.o(i.InitSponge)
    KeccakAbsorb                             0x00000603   Thumb Code     8  keccakf-1600-opt32.o(i.KeccakAbsorb)
    KeccakAbsorb1024bits                     0x0000060b   Thumb Code     8  keccakf-1600-opt32.o(i.KeccakAbsorb1024bits)
    KeccakAbsorb1088bits                     0x00000613   Thumb Code     8  keccakf-1600-opt32.o(i.KeccakAbsorb1088bits)
    KeccakAbsorb1152bits                     0x0000061b   Thumb Code     8  keccakf-1600-opt32.o(i.KeccakAbsorb1152bits)
    KeccakAbsorb1344bits                     0x00000623   Thumb Code     8  keccakf-1600-opt32.o(i.KeccakAbsorb1344bits)
    KeccakAbsorb576bits                      0x0000062b   Thumb Code     8  keccakf-1600-opt32.o(i.KeccakAbsorb576bits)
    KeccakAbsorb832bits                      0x00000633   Thumb Code     8  keccakf-1600-opt32.o(i.KeccakAbsorb832bits)
    KeccakExtract                            0x0000063b   Thumb Code    30  keccakf-1600-opt32.o(i.KeccakExtract)
    KeccakExtract1024bits                    0x00000659   Thumb Code    26  keccakf-1600-opt32.o(i.KeccakExtract1024bits)
    KeccakInitialize                         0x00000673   Thumb Code     2  keccakf-1600-opt32.o(i.KeccakInitialize)
    KeccakInitializeState                    0x00000675   Thumb Code    10  keccakf-1600-opt32.o(i.KeccakInitializeState)
    KeccakPermutation                        0x0000067f   Thumb Code     8  keccakf-1600-opt32.o(i.KeccakPermutation)
    KeccakPermutationOnWords                 0x00000689   Thumb Code  3182  keccakf-1600-opt32.o(i.KeccakPermutationOnWords)
    KeccakPermutationOnWordsAfterXoring      0x000012f9   Thumb Code  3354  keccakf-1600-opt32.o(i.KeccakPermutationOnWordsAfterXoring)
    KeccakPermutationOnWordsAfterXoring1024bits 0x00002015   Thumb Code  3366  keccakf-1600-opt32.o(i.KeccakPermutationOnWordsAfterXoring1024bits)
    KeccakPermutationOnWordsAfterXoring1088bits 0x00002d3d   Thumb Code  3366  keccakf-1600-opt32.o(i.KeccakPermutationOnWordsAfterXoring1088bits)
    KeccakPermutationOnWordsAfterXoring1152bits 0x00003a65   Thumb Code  3366  keccakf-1600-opt32.o(i.KeccakPermutationOnWordsAfterXoring1152bits)
    KeccakPermutationOnWordsAfterXoring1344bits 0x0000478d   Thumb Code  3366  keccakf-1600-opt32.o(i.KeccakPermutationOnWordsAfterXoring1344bits)
    KeccakPermutationOnWordsAfterXoring576bits 0x000054b5   Thumb Code  3366  keccakf-1600-opt32.o(i.KeccakPermutationOnWordsAfterXoring576bits)
    KeccakPermutationOnWordsAfterXoring832bits 0x000061dd   Thumb Code  3366  keccakf-1600-opt32.o(i.KeccakPermutationOnWordsAfterXoring832bits)
    PadAndSwitchToSqueezingPhase             0x00006f03   Thumb Code   174  keccaksponge.o(i.PadAndSwitchToSqueezingPhase)
    Squeeze                                  0x00006fb1   Thumb Code   176  keccaksponge.o(i.Squeeze)
    SystemInit                               0x00007061   Thumb Code    64  system_nrf51.o(i.SystemInit)
    __scatterload_copy                       0x000070b5   Thumb Code    14  handlers.o(i.__scatterload_copy)
    __scatterload_null                       0x000070c3   Thumb Code     2  handlers.o(i.__scatterload_null)
    __scatterload_zeroinit                   0x000070c5   Thumb Code    14  handlers.o(i.__scatterload_zeroinit)
    crypto_hash                              0x000070d3   Thumb Code    62  main.o(i.crypto_hash)
    fromInterleaving                         0x00007111   Thumb Code   160  keccakf-1600-opt32.o(i.fromInterleaving)
    main                                     0x00007205   Thumb Code   104  main.o(i.main)
    nrf_delay_ms                             0x00007275   Thumb Code    24  nrf_delay.o(i.nrf_delay_ms)
    setInterleavedWordsInto8bytes            0x00007291   Thumb Code    14  keccakf-1600-opt32.o(i.setInterleavedWordsInto8bytes)
    Region$$Table$$Base                      0x00007360   Number         0  anon$$obj.o(Region$$Table)
    Region$$Table$$Limit                     0x00007380   Number         0  anon$$obj.o(Region$$Table)
    SystemCoreClock                          0x20000000   Data           4  system_nrf51.o(.data)
    __initial_sp                             0x20001008   Data           0  arm_startup_nrf51.o(STACK)



==============================================================================

Memory Map of the image

  Image Entry point : 0x000000c1

  Load Region LR_IROM1 (Base: 0x00000000, Size: 0x00007384, Max: 0x00040000, ABSOLUTE)

    Execution Region ER_IROM1 (Exec base: 0x00000000, Load base: 0x00000000, Size: 0x00007380, Max: 0x00040000, ABSOLUTE)

    Exec Addr    Load Addr    Size         Type   Attr      Idx    E Section Name        Object

    0x00000000   0x00000000   0x000000c0   Data   RO          301    RESET               arm_startup_nrf51.o
    0x000000c0   0x000000c0   0x00000000   Code   RO          374  * .ARM.Collect$$$$00000000  mc_p.l(entry.o)
    0x000000c0   0x000000c0   0x00000004   Code   RO          387    .ARM.Collect$$$$00000001  mc_p.l(entry2.o)
    0x000000c4   0x000000c4   0x00000004   Code   RO          390    .ARM.Collect$$$$00000004  mc_p.l(entry5.o)
    0x000000c8   0x000000c8   0x00000000   Code   RO          392    .ARM.Collect$$$$00000008  mc_p.l(entry7b.o)
    0x000000c8   0x000000c8   0x00000000   Code   RO          394    .ARM.Collect$$$$0000000A  mc_p.l(entry8b.o)
    0x000000c8   0x000000c8   0x00000008   Code   RO          395    .ARM.Collect$$$$0000000B  mc_p.l(entry9a.o)
    0x000000d0   0x000000d0   0x00000000   Code   RO          397    .ARM.Collect$$$$0000000D  mc_p.l(entry10a.o)
    0x000000d0   0x000000d0   0x00000000   Code   RO          399    .ARM.Collect$$$$0000000F  mc_p.l(entry11a.o)
    0x000000d0   0x000000d0   0x00000004   Code   RO          388    .ARM.Collect$$$$00002712  mc_p.l(entry2.o)
    0x000000d4   0x000000d4   0x0000001e   Code   RO          345    .emb_text           nrf_delay.o
    0x000000f2   0x000000f2   0x00000002   PAD
    0x000000f4   0x000000f4   0x00000038   Code   RO          302    .text               arm_startup_nrf51.o
    0x0000012c   0x0000012c   0x00000060   Code   RO          377    .text               mc_p.l(uldiv.o)
    0x0000018c   0x0000018c   0x0000007a   Code   RO          379    .text               mc_p.l(llmul.o)
    0x00000206   0x00000206   0x00000024   Code   RO          381    .text               mc_p.l(memcpya.o)
    0x0000022a   0x0000022a   0x00000024   Code   RO          383    .text               mc_p.l(memseta.o)
    0x0000024e   0x0000024e   0x00000020   Code   RO          401    .text               mc_p.l(llshl.o)
    0x0000026e   0x0000026e   0x00000022   Code   RO          403    .text               mc_p.l(llushr.o)
    0x00000290   0x00000290   0x00000024   Code   RO          405    .text               mc_p.l(init.o)
    0x000002b4   0x000002b4   0x00000292   Code   RO          260    i.Absorb            keccaksponge.o
    0x00000546   0x00000546   0x0000006e   Code   RO          261    i.AbsorbQueue       keccaksponge.o
    0x000005b4   0x000005b4   0x0000004e   Code   RO          262    i.InitSponge        keccaksponge.o
    0x00000602   0x00000602   0x00000008   Code   RO           99    i.KeccakAbsorb      keccakf-1600-opt32.o
    0x0000060a   0x0000060a   0x00000008   Code   RO          100    i.KeccakAbsorb1024bits  keccakf-1600-opt32.o
    0x00000612   0x00000612   0x00000008   Code   RO          101    i.KeccakAbsorb1088bits  keccakf-1600-opt32.o
    0x0000061a   0x0000061a   0x00000008   Code   RO          102    i.KeccakAbsorb1152bits  keccakf-1600-opt32.o
    0x00000622   0x00000622   0x00000008   Code   RO          103    i.KeccakAbsorb1344bits  keccakf-1600-opt32.o
    0x0000062a   0x0000062a   0x00000008   Code   RO          104    i.KeccakAbsorb576bits  keccakf-1600-opt32.o
    0x00000632   0x00000632   0x00000008   Code   RO          105    i.KeccakAbsorb832bits  keccakf-1600-opt32.o
    0x0000063a   0x0000063a   0x0000001e   Code   RO          106    i.KeccakExtract     keccakf-1600-opt32.o
    0x00000658   0x00000658   0x0000001a   Code   RO          107    i.KeccakExtract1024bits  keccakf-1600-opt32.o
    0x00000672   0x00000672   0x00000002   Code   RO          108    i.KeccakInitialize  keccakf-1600-opt32.o
    0x00000674   0x00000674   0x0000000a   Code   RO          109    i.KeccakInitializeState  keccakf-1600-opt32.o
    0x0000067e   0x0000067e   0x00000008   Code   RO          110    i.KeccakPermutation  keccakf-1600-opt32.o
    0x00000686   0x00000686   0x00000002   PAD
    0x00000688   0x00000688   0x00000c6e   Code   RO          111    i.KeccakPermutationOnWords  keccakf-1600-opt32.o
    0x000012f6   0x000012f6   0x00000002   PAD
    0x000012f8   0x000012f8   0x00000d1a   Code   RO          112    i.KeccakPermutationOnWordsAfterXoring  keccakf-1600-opt32.o
    0x00002012   0x00002012   0x00000002   PAD
    0x00002014   0x00002014   0x00000d26   Code   RO          113    i.KeccakPermutationOnWordsAfterXoring1024bits  keccakf-1600-opt32.o
    0x00002d3a   0x00002d3a   0x00000002   PAD
    0x00002d3c   0x00002d3c   0x00000d26   Code   RO          114    i.KeccakPermutationOnWordsAfterXoring1088bits  keccakf-1600-opt32.o
    0x00003a62   0x00003a62   0x00000002   PAD
    0x00003a64   0x00003a64   0x00000d26   Code   RO          115    i.KeccakPermutationOnWordsAfterXoring1152bits  keccakf-1600-opt32.o
    0x0000478a   0x0000478a   0x00000002   PAD
    0x0000478c   0x0000478c   0x00000d26   Code   RO          116    i.KeccakPermutationOnWordsAfterXoring1344bits  keccakf-1600-opt32.o
    0x000054b2   0x000054b2   0x00000002   PAD
    0x000054b4   0x000054b4   0x00000d26   Code   RO          117    i.KeccakPermutationOnWordsAfterXoring576bits  keccakf-1600-opt32.o
    0x000061da   0x000061da   0x00000002   PAD
    0x000061dc   0x000061dc   0x00000d26   Code   RO          118    i.KeccakPermutationOnWordsAfterXoring832bits  keccakf-1600-opt32.o
    0x00006f02   0x00006f02   0x000000ae   Code   RO          263    i.PadAndSwitchToSqueezingPhase  keccaksponge.o
    0x00006fb0   0x00006fb0   0x000000b0   Code   RO          264    i.Squeeze           keccaksponge.o
    0x00007060   0x00007060   0x00000054   Code   RO          309    i.SystemInit        system_nrf51.o
    0x000070b4   0x000070b4   0x0000000e   Code   RO          409    i.__scatterload_copy  mc_p.l(handlers.o)
    0x000070c2   0x000070c2   0x00000002   Code   RO          410    i.__scatterload_null  mc_p.l(handlers.o)
    0x000070c4   0x000070c4   0x0000000e   Code   RO          411    i.__scatterload_zeroinit  mc_p.l(handlers.o)
    0x000070d2   0x000070d2   0x0000003e   Code   RO            4    i.crypto_hash       main.o
    0x00007110   0x00007110   0x000000ac   Code   RO          119    i.fromInterleaving  keccakf-1600-opt32.o
    0x000071bc   0x000071bc   0x00000048   Code   RO          310    i.is_manual_peripheral_setup_needed  system_nrf51.o
    0x00007204   0x00007204   0x00000070   Code   RO            5    i.main              main.o
    0x00007274   0x00007274   0x0000001c   Code   RO          346    i.nrf_delay_ms      nrf_delay.o
    0x00007290   0x00007290   0x0000000e   Code   RO          120    i.setInterleavedWordsInto8bytes  keccakf-1600-opt32.o
    0x0000729e   0x0000729e   0x00000002   PAD
    0x000072a0   0x000072a0   0x000000c0   Data   RO          121    .constdata          keccakf-1600-opt32.o
    0x00007360   0x00007360   0x00000020   Data   RO          407    Region$$Table       anon$$obj.o


    Execution Region RW_IRAM1 (Exec base: 0x20000000, Load base: 0x00007380, Size: 0x00001008, Max: 0x00008000, ABSOLUTE)

    Exec Addr    Load Addr    Size         Type   Attr      Idx    E Section Name        Object

    0x20000000   0x00007380   0x00000004   Data   RW          311    .data               system_nrf51.o
    0x20000004   0x00007384   0x00000004   PAD
    0x20000008        -       0x00001000   Zero   RW          299    STACK               arm_startup_nrf51.o


==============================================================================

Image component sizes


      Code (inc. data)   RO Data    RW Data    ZI Data      Debug   Object Name

        56         18        192          0       4096        668   arm_startup_nrf51.o
     27050        128        192          0          0      51524   keccakf-1600-opt32.o
      1196          0          0          0          0       6273   keccaksponge.o
       174          8          0          0          0       9989   main.o
        58          4          0          0          0       1671   nrf_delay.o
       156         26          0          4          0       1999   system_nrf51.o

    ----------------------------------------------------------------------
     28710        184        416          4       4100      72124   Object Totals
         0          0         32          0          0          0   (incl. Generated)
        20          0          0          0          4          0   (incl. Padding)

    ----------------------------------------------------------------------

      Code (inc. data)   RO Data    RW Data    ZI Data      Debug   Library Member Name

         0          0          0          0          0          0   entry.o
         0          0          0          0          0          0   entry10a.o
         0          0          0          0          0          0   entry11a.o
         8          4          0          0          0          0   entry2.o
         4          0          0          0          0          0   entry5.o
         0          0          0          0          0          0   entry7b.o
         0          0          0          0          0          0   entry8b.o
         8          4          0          0          0          0   entry9a.o
        30          0          0          0          0          0   handlers.o
        36          8          0          0          0         68   init.o
       122          0          0          0          0         84   llmul.o
        32          0          0          0          0         68   llshl.o
        34          0          0          0          0         68   llushr.o
        36          0          0          0          0         60   memcpya.o
        36          0          0          0          0        100   memseta.o
        96          0          0          0          0         84   uldiv.o

    ----------------------------------------------------------------------
       442         16          0          0          0        532   Library Totals
         0          0          0          0          0          0   (incl. Padding)

    ----------------------------------------------------------------------

      Code (inc. data)   RO Data    RW Data    ZI Data      Debug   Library Name

       442         16          0          0          0        532   mc_p.l

    ----------------------------------------------------------------------
       442         16          0          0          0        532   Library Totals

    ----------------------------------------------------------------------

==============================================================================


      Code (inc. data)   RO Data    RW Data    ZI Data      Debug   

     29152        200        416          4       4100      71216   Grand Totals
     29152        200        416          4       4100      71216   ELF Image Totals
     29152        200        416          4          0          0   ROM Totals

==============================================================================

    Total RO  Size (Code + RO Data)                29568 (  28.88kB)
    Total RW  Size (RW Data + ZI Data)              4104 (   4.01kB)
    Total ROM Size (Code + RO Data + RW Data)      29572 (  28.88kB)

==============================================================================

