<html>
<body>
<pre>
<h1>µVision Build Log</h1>
<h2>Tool Versions:</h2>
IDE-Version: µVision V5.24.2.0
Copyright (C) 2017 ARM Ltd and ARM Germany GmbH. All rights reserved.
License Information: milad bohlouli, mm, LIC=UJWQD-8186F-56EQ2-95AFE-NE0BD-I1HKW
 
Tool Versions:
Toolchain:       MDK-ARM Plus  Version: 5.24.1
Toolchain Path:  C:\Keil_v5\ARM\ARMCC\Bin
C Compiler:      Armcc.exe V5.06 update 5 (build 528)
Assembler:       Armasm.exe V5.06 update 5 (build 528)
Linker/Locator:  ArmLink.exe V5.06 update 5 (build 528)
Library Manager: ArmAr.exe V5.06 update 5 (build 528)
Hex Converter:   FromElf.exe V5.06 update 5 (build 528)
CPU DLL:         
Dialog DLL:      
Target DLL:      Segger\JL2CM3.dll V2.99.26.0
Dialog DLL:      TARMCM1.DLL V1.13.0.0
 
<h2>Project:</h2>
C:\Users\milad_000\Dropbox\Benchmarks\Hash Functions\Keccak448\uVisionnProject\blinky_blank_pca10028.uvprojx
Project File Date:  07/17/2018

<h2>Output:</h2>
*** Using Compiler 'V5.06 update 5 (build 528)', folder: 'C:\Keil_v5\ARM\ARMCC\Bin'
Rebuild target 'nrf51422_xxac'
compiling KeccakSponge.c...
RTE\_nrf51422_xxac\KeccakF-1600-int-set.h(6): warning:  #1-D: last line of file ends without a newline
  #define ProvideFast1344
RTE\_nrf51422_xxac\KeccakSponge.c: 1 warning, 0 errors
compiling main.c...
main.c(26): warning:  #47-D: incompatible redefinition of macro "LEDS_NUMBER"  (declared at line 16 of "C:\Keil_v5\ARM\PACK\NordicSemiconductor\nRF_Examples\11.0.0-2.alpha\bsp\pca10028.h")
  #define LEDS_NUMBER    5
main.c(28): warning:  #47-D: incompatible redefinition of macro "LED_START"  (declared at line 18 of "C:\Keil_v5\ARM\PACK\NordicSemiconductor\nRF_Examples\11.0.0-2.alpha\bsp\pca10028.h")
  #define LED_START      18
main.c(29): warning:  #47-D: incompatible redefinition of macro "LED_1"  (declared at line 19 of "C:\Keil_v5\ARM\PACK\NordicSemiconductor\nRF_Examples\11.0.0-2.alpha\bsp\pca10028.h")
  #define LED_1          18
main.c(30): warning:  #47-D: incompatible redefinition of macro "LED_2"  (declared at line 20 of "C:\Keil_v5\ARM\PACK\NordicSemiconductor\nRF_Examples\11.0.0-2.alpha\bsp\pca10028.h")
  #define LED_2          19
main.c(31): warning:  #47-D: incompatible redefinition of macro "LED_3"  (declared at line 21 of "C:\Keil_v5\ARM\PACK\NordicSemiconductor\nRF_Examples\11.0.0-2.alpha\bsp\pca10028.h")
  #define LED_3          20
main.c(32): warning:  #47-D: incompatible redefinition of macro "LED_4"  (declared at line 22 of "C:\Keil_v5\ARM\PACK\NordicSemiconductor\nRF_Examples\11.0.0-2.alpha\bsp\pca10028.h")
  #define LED_4          21
main.c(34): warning:  #47-D: incompatible redefinition of macro "LED_STOP"  (declared at line 23 of "C:\Keil_v5\ARM\PACK\NordicSemiconductor\nRF_Examples\11.0.0-2.alpha\bsp\pca10028.h")
  #define LED_STOP       22
main.c(36): warning:  #47-D: incompatible redefinition of macro "LEDS_LIST"  (declared at line 25 of "C:\Keil_v5\ARM\PACK\NordicSemiconductor\nRF_Examples\11.0.0-2.alpha\bsp\pca10028.h")
  #define LEDS_LIST { LED_1, LED_2, LED_3, LED_4 , LED_5}
main.c(50): warning:  #47-D: incompatible redefinition of macro "LEDS_MASK"  (declared at line 37 of "C:\Keil_v5\ARM\PACK\NordicSemiconductor\nRF_Examples\11.0.0-2.alpha\bsp\pca10028.h")
  #define LEDS_MASK      (BSP_LED_0_MASK | BSP_LED_1_MASK | BSP_LED_2_MASK | BSP_LED_3_MASK	| BSP_LED_4_MASK)
main.c: 9 warnings, 0 errors
assembling arm_startup_nrf51.s...
compiling system_nrf51.c...
compiling nrf_delay.c...
compiling KeccakF-1600-opt32.c...
RTE\_nrf51422_xxac\KeccakF-1600-int-set.h(6): warning:  #1-D: last line of file ends without a newline
  #define ProvideFast1344
RTE\_nrf51422_xxac\KeccakF-1600-opt32.c: 1 warning, 0 errors
linking...
Program Size: Code=29152 RO-data=416 RW-data=4 ZI-data=4100  
FromELF: creating hex file...
".\_build\nrf51422_xxac.axf" - 0 Error(s), 11 Warning(s).

<h2>Software Packages used:</h2>

Package Vendor: ARM
                http://www.keil.com/pack/ARM.CMSIS.4.5.0.pack
                ARM.CMSIS.4.5.0
                CMSIS (Cortex Microcontroller Software Interface Standard)
   * Component: CORE Version: 4.3.0

Package Vendor: NordicSemiconductor
                http://developer.nordicsemi.com/nRF51_SDK/pieces/nRF_DeviceFamilyPack/NordicSemiconductor.nRF_DeviceFamilyPack.8.3.1.pack
                NordicSemiconductor.nRF_DeviceFamilyPack.8.3.1
                Nordic Semiconductor nRF ARM devices Device Family Pack.
   * Component: Startup Version: 8.3.1

Package Vendor: NordicSemiconductor
                http://developer.nordicsemi.com/nRF51_SDK/pieces/nRF_Drivers/NordicSemiconductor.nRF_Drivers.4.0.0-2.alpha.pack
                NordicSemiconductor.nRF_Drivers.4.0.0-2.alpha
                Drivers for Nordic Semiconductor nRF family.
   * Component: nrf_gpio Version: 4.0.0-2.alpha
   * Component: nrf_delay Version: 4.0.0-2.alpha

Package Vendor: NordicSemiconductor
                http://developer.nordicsemi.com/nRF51_SDK/pieces/nRF_Examples/NordicSemiconductor.nRF_Examples.11.0.0-2.alpha.pack
                NordicSemiconductor.nRF_Examples.11.0.0-2.alpha
                Examples and BSP for Nordic Semiconductor nRF family.
   * Component: bsp Variant: Defines Version: 11.0.0-2.alpha

<h2>Collection of Component include folders:</h2>
  .\RTE\_nrf51422_xxac
  C:\Keil_v5\ARM\PACK\ARM\CMSIS\4.5.0\CMSIS\Include
  C:\Keil_v5\ARM\PACK\NordicSemiconductor\nRF_DeviceFamilyPack\8.3.1\Device\Include
  C:\Keil_v5\ARM\PACK\NordicSemiconductor\nRF_Drivers\4.0.0-2.alpha\delay
  C:\Keil_v5\ARM\PACK\NordicSemiconductor\nRF_Drivers\4.0.0-2.alpha\hal
  C:\Keil_v5\ARM\PACK\NordicSemiconductor\nRF_Examples\11.0.0-2.alpha\bsp

<h2>Collection of Component Files used:</h2>

   * Component: NordicSemiconductor::nRF_Drivers:nrf_gpio:4.0.0-2.alpha
      Include file:  hal\nrf_gpio.h

   * Component: NordicSemiconductor::nRF_Drivers:nrf_delay:4.0.0-2.alpha
      Source file:   delay\nrf_delay.c
      Include file:  delay\nrf_delay.h

   * Component: NordicSemiconductor::Device:Startup:8.3.1
      Source file:   Device\Source\system_nrf51.c
      Include file:  Device\Include\system_nrf51.h
      Source file:   Device\Source\arm\arm_startup_nrf51.s

   * Component: NordicSemiconductor::Board Support:bsp:Defines:11.0.0-2.alpha

   * Component: ARM::CMSIS:CORE:4.3.0
Build Time Elapsed:  00:00:04
</pre>
</body>
</html>
